// Jest Snapshot v1, https://goo.gl/fbAQLP

exports[`My Connected React-Redux Component renders correctly 1`] = `
<table
  className="mt-3 table table-striped table-bordered table-hover"
>
  <thead>
    <tr>
      <th>
        Mission
      </th>
      <th>
        Description
      </th>
      <th>
        Status
      </th>
      <th>
         
      </th>
    </tr>
  </thead>
  <tbody />
</table>
`;
