// Jest Snapshot v1, https://goo.gl/fbAQLP

exports[`renders correctly 1`] = `
<div
  className="container-fluid"
>
  <div
    className="justify-content-around flex-nowrap row"
  >
    <div
      className="col-md-6"
      style={
        Object {
          "width": "40%",
        }
      }
    >
      <div
        className="card border-light"
      >
        <div
          className="card-body"
        >
          <div
            className="card-title h5"
          >
            My Missions
          </div>
          <p
            className="card-text"
          >
            <ul
              className="list-group"
            />
          </p>
        </div>
      </div>
    </div>
    <div
      className="col-md-6"
      style={
        Object {
          "width": "40%",
        }
      }
    >
      <div
        className="card border-light"
      >
        <div
          className="card-body"
        >
          <div
            className="card-title h5"
          >
            My Rockets
          </div>
          <p
            className="card-text"
          >
            <ul
              className="list-group"
            />
          </p>
        </div>
      </div>
    </div>
  </div>
</div>
`;
